{
  "images/dummy.jpg": "images/dummy-7051c65f.jpg",
  "scripts/application.js": "scripts/application-5c2dec97.js",
  "scripts/script.js": "scripts/script-57cb6b72.js",
  "styles/styles.css": "styles/styles-5f3db2f0.css"
}
